23f00000 T _start
23f00020 t _undefined_instruction
23f00024 t _software_interrupt
23f00028 t _prefetch_abort
23f0002c t _data_abort
23f00030 t _not_used
23f00034 t _irq
23f00038 t _fiq
23f00040 t _TEXT_BASE
23f00044 T _armboot_start
23f00048 T _bss_start
23f0004c T _bss_end
23f00050 t reset
23f00064 t relocate
23f00084 t copy_loop
23f00094 t stack_setup
23f000a4 t clear_bss
23f000b0 t clbss_l
23f000c4 t _start_armboot
23f000c8 t cpu_init_crit
23f00100 t undefined_instruction
23f00160 t software_interrupt
23f001c0 t prefetch_abort
23f00220 t data_abort
23f00280 t not_used
23f002e0 t irq
23f00340 t fiq
23f003a0 t _TEXT_BASE
23f003a4 T lowlevel_init
23f003a8 t POS1
23f003fc t MOSCS_Loop
23f0041c t MOSCS_Loop1
23f00430 t Init_MCKR
23f0043c t MCKRDY_Loop
23f0045c t MOSCS_Loop2
23f004c4 t SMRDATA
23f00554 t SMRDATA1
23f00604 t SMRDATA2
23f00608 T enable_interrupts
23f0060c T disable_interrupts
23f00614 T bad_mode
23f00630 T show_regs
23f0076c T do_undefined_instruction
23f00790 T do_software_interrupt
23f007b4 T do_prefetch_abort
23f007d8 T do_data_abort
23f007fc T do_not_used
23f00820 T do_fiq
23f00844 T do_irq
23f00868 T interrupt_init
23f008cc T reset_timer_masked
23f00900 T reset_timer
23f00904 T set_timer
23f00918 T get_timer_raw
23f0099c T udelay_masked
23f00a00 T udelay
23f00a04 T get_timer_masked
23f00a1c T get_timer
23f00a30 T get_ticks
23f00a44 T get_tbclk
23f00a4c T reset_cpu
23f00a50 T sbrk
23f00a94 t init_baudrate
23f00ae8 t display_banner
23f00b08 t display_dram_config
23f00b38 T hang
23f00b48 T start_armboot
23f00da0 T NetSetEther
23f00e60 T ArpRequest
23f00fa0 t startAgainTimeout
23f00fb4 t startAgainHandler
23f00fb8 T NetSetTimeout
23f00ff4 T NetSetHandler
23f01004 T NetStartAgain
23f01078 T ArpTimeoutCheck
23f010f8 T NetSendPacket
23f010fc T NetCksum
23f01148 T NetSetIP
23f01288 T NetSendUDPPacket
23f013f0 T PingSend
23f0157c t PingTimeout
23f01590 t PingHandler
23f015d4 T NetCksumOk
23f015f8 T NetEthHdrSize
23f0163c T copy_filename
23f01690 T ip_to_string
23f016e8 T print_IPaddr
23f0170c T NetReceive
23f01cb4 T string_to_ip
23f01d34 T getenv_IPaddr
23f01d44 T VLAN_to_string
23f01da0 T string_to_VLAN
23f01df8 T getenv_VLAN
23f01e10 T NetLoop
23f0229c T tftp_store_block
23f022e0 t TftpSend
23f0248c t TftpHandler
23f02714 t TftpTimeout
23f0276c T TftpStart
23f0298c t BootpCopyNetParams
23f02a40 t truncate_sz
23f02a74 t DhcpExtended
23f02bec T BootpRequest
23f02e00 t BootpTimeout
23f02e44 t DhcpOptionsProcess
23f03050 t DhcpHandler
23f033b4 T DhcpRequest
23f033b8 t RarpHandler
23f03410 T RarpRequest
23f0350c t RarpTimeout
23f03550 T eth_initialize
23f03558 t basename
23f03598 t dirname
23f035b4 t rpc_add_credentials
23f03680 t rpc_req
23f037bc t rpc_lookup_req
23f0383c t NfsSend
23f03b0c t rpc_lookup_reply
23f03bf4 t NfsTimeout
23f03c18 t NfsHandler
23f041ec T NfsStart
23f04448 T AT91F_DataflashInit
23f045c8 T dataflash_print_info
23f046d4 T AT91F_DataflashSelect
23f0474c T addr_dataflash
23f04788 T size_dataflash
23f047b8 T prot_dataflash
23f047e8 T dataflash_real_protect
23f048c8 T read_dataflash
23f0493c T write_dataflash
23f049d4 T dataflash_perror
23f04a74 t DM9000_ior
23f04a84 t DM9000_iow
23f04a9c t phy_write
23f04afc t phy_read
23f04b54 t dm9000_reset
23f04b70 T eth_send
23f04c4c T eth_halt
23f04c84 T eth_rx
23f04d98 t w1_set
23f04dbc T eth_init
23f05464 T net_tx
23f05544 T net_rx
23f05644 T nand_init
23f056d8 t nand_release_device
23f056f0 t nand_read_byte
23f05700 t nand_write_byte
23f05714 t nand_read_byte16
23f05728 t nand_write_byte16
23f0573c t nand_read_word
23f0574c t nand_write_word
23f05764 t nand_select_chip
23f057c8 t nand_write_buf
23f057fc t nand_read_buf
23f05828 t nand_verify_buf
23f05870 t nand_write_buf16
23f058a8 t nand_read_buf16
23f058e0 t nand_verify_buf16
23f05930 t nand_get_device
23f05934 t nand_block_bad
23f05a30 t nand_check_wp
23f05a6c t nand_write_oob
23f05c18 t nand_default_block_markbad
23f05cb4 t nand_block_checkbad
23f05ce4 t nand_command
23f05ecc t nand_command_lp
23f060e8 t nand_wait
23f061b0 t nand_read_ecc
23f0688c t nand_read
23f068bc t nand_read_oob
23f06ab4 T nand_read_raw
23f06c58 t nand_prepare_oobbuf
23f06d68 t nand_write_ecc
23f072a4 t nand_write
23f072d4 t single_erase_cmd
23f07314 t multi_erase_cmd
23f073a8 T nand_erase_nand
23f07594 t nand_erase
23f0759c t nand_sync
23f075a0 t nand_block_isbad
23f075f4 t nand_block_markbad
23f07638 T nand_scan
23f08054 T nand_release
23f08090 T nand_calculate_ecc
23f081a4 T nand_correct_data
23f08328 t check_pattern
23f083dc t read_bbt
23f085e8 t read_abs_bbt
23f086d8 t create_bbt
23f08884 t search_bbt
23f08a6c t write_bbt
23f0908c T nand_update_bbt
23f091f0 t mark_bbt_region
23f09380 T nand_scan_bbt
23f097d8 T nand_default_bbt
23f098ac T nand_isbad_bbt
23f09914 t delete_char
23f099f0 T readline
23f09c24 T run_command
23f0a074 T main_loop
23f0a1ec T do_run
23f0a268 T autoscript
23f0a488 T do_autoscript
23f0a4cc T do_go
23f0a554 T do_bootd
23f0a578 T print_image_hdr
23f0a96c t do_imls
23f0aaf4 t image_info
23f0ac2c T do_iminfo
23f0ac90 t zalloc
23f0aca0 t zfree
23f0aca8 T gunzip
23f0ae04 T do_bootm
23f0b568 T do_coninfo
23f0b640 T valid_elf_image
23f0b694 T load_elf_image
23f0b7b0 T do_bootvx
23f0b92c T do_bootelf
23f0b9d4 T get_dev
23f0ba04 T do_fat_fsload
23f0bb88 T do_fat_ls
23f0bc9c T do_fat_fsinfo
23f0bd84 t abbrev_spec
23f0bee4 t addr_spec
23f0c088 t flash_fill_sect_ranges
23f0c260 T do_flinfo
23f0c30c T flash_sect_erase
23f0c3f8 T do_flerase
23f0c680 T flash_sect_protect
23f0c778 T do_protect
23f0cbf4 t evalexp
23f0cc40 t evalstr
23f0cc5c T binary_test
23f0ce38 T do_itest
23f0cee4 t memsize_parse
23f0cf58 t memsize_format
23f0cfc0 t jffs2_part_info
23f0d05c t index_partitions
23f0d138 t current_save
23f0d1e4 t part_validate
23f0d400 t part_delall
23f0d448 t device_del
23f0d4d4 t part_sort_add
23f0d620 t device_delall
23f0d680 t device_find
23f0d6d8 t devices_init
23f0d70c t device_parse
23f0dc34 T id_parse
23f0dd20 t generate_mtdparts_save
23f0dfd8 T find_dev_and_part
23f0e104 T mtdparts_init
23f0e770 T do_jffs2_fsload
23f0e8fc T do_jffs2_ls
23f0e97c T do_jffs2_fsinfo
23f0ea10 T do_jffs2_chpart
23f0ead4 T do_jffs2_mtdparts
23f0f070 T send_pad
23f0f0ac T ktrans
23f0f0d8 T chk1
23f0f108 T s1_sendpacket
23f0f134 T send_ack
23f0f198 T send_nack
23f0f1fc t bin_data_init
23f0f234 t bin_data_char
23f0f278 T k_data_init
23f0f2a0 T k_data_save
23f0f304 T k_data_restore
23f0f368 T k_data_char
23f0f3dc T handle_send_packet
23f0f5f4 t getcxmodem
23f0f610 T do_load_serial_bin
23f0fbcc T cmd_get_data_size
23f0fc40 T do_mem_md
23f0fea0 T do_mem_mw
23f0ff88 T do_mem_cmp
23f10174 T do_mem_cp
23f103bc T do_mem_base
23f10400 T do_mem_loop
23f10504 T do_mem_mtest
23f10628 t mod_mem
23f107b8 T do_mem_nm
23f107e0 T do_mem_mm
23f10808 T do_mem_crc
23f108c0 t arg_off_size
23f1092c T do_nand
23f11504 T do_nandboot
23f11790 t netboot_common
23f11b18 T do_nfs
23f11b24 T do_dhcp
23f11b30 T do_rarpb
23f11b3c T do_tftpb
23f11b48 T do_bootp
23f11b54 T do_ping
23f11c54 t envmatch
23f11cc8 T do_printenv
23f11e84 T _do_setenv
23f12308 T setenv
23f12340 T do_setenv
23f12380 T getenv
23f123fc T getenv_r
23f124c0 T do_saveenv
23f124ec T usb_get_class_desc
23f12598 T usb_display_class_sub
23f12730 T usb_display_string
23f12768 T usb_display_desc
23f128dc T usb_display_conf_desc
23f1298c T usb_display_if_desc
23f12a14 T usb_display_ep_desc
23f12ae0 T usb_display_config
23f12b70 T usb_show_tree_graph
23f12dac T usb_show_tree
23f12de0 T do_usbboot
23f131d8 T do_usb
23f13660 T do_version
23f13680 T do_echo
23f13700 T find_cmd
23f137a8 T do_help
23f13968 t console_setfile
23f13a10 T serial_printf
23f13a48 T fgetc
23f13a70 T ftstc
23f13a98 T fputc
23f13ac8 T fputs
23f13af4 T fprintf
23f13b34 T getc
23f13b4c T tstc
23f13b64 T putc
23f13b8c T puts
23f13ba8 T printf
23f13be0 T vprintf
23f13c0c T ctrlc
23f13c64 T disable_ctrlc
23f13c7c T had_ctrlc
23f13c8c T clear_ctrlc
23f13ca0 T dbg
23f13cac T console_assign
23f13d3c T console_init_f
23f13d4c T console_init_r
23f13ed8 T device_register
23f13efc T devices_init
23f13fac T devices_done
23f13fc8 T malloc_bin_reloc
23f13ffc T malloc_trim
23f140d4 T free
23f142e8 T malloc
23f1492c T realloc
23f14d94 T memalign
23f14ea4 T valloc
23f14eb0 T pvalloc
23f14ec8 T calloc
23f14f98 T cfree
23f14f9c T malloc_usable_size
23f14fdc T mallopt
23f15054 T env_crc_update
23f15080 t env_get_char_init
23f150a8 T env_get_char_memory
23f150c8 T env_get_addr
23f150e8 T env_relocate
23f1517c T env_get_char_spec
23f15188 T env_init
23f151e0 T saveenv
23f152a0 T env_relocate_spec
23f152c0 t dummy
23f152c4 T get_version
23f152cc T jumptable_init
23f15380 T flash_protect
23f15490 T addr2info
23f154d8 T flash_write
23f15670 T flash_perror
23f15750 T NewHandle
23f157b0 T DisposeHandle
23f157d0 T GetHandleSize
23f157d8 T SetHandleSize
23f15848 T ListCreate
23f158a8 T ListSetAllocationPolicy
23f158bc T ListDispose
23f158c0 T ListInsertItems
23f15a74 T ListInsertItem
23f15a7c T ListGetItems
23f15ac4 T ListGetPtrToItem
23f15af4 T ListGetDataPtr
23f15b00 T ListGetItemSize
23f15b0c T ListNumItems
23f15b18 T wait_ms
23f15b3c T usb_hub_reset
23f15b50 T usb_stop
23f15b80 T usb_disable_asynch
23f15b98 T usb_submit_int_msg
23f15ba4 T usb_control_msg
23f15c8c T usb_bulk_msg
23f15cf8 T usb_maxpacket
23f15d1c T usb_set_maxpacket
23f15e0c T usb_parse_config
23f15fd0 T usb_clear_halt
23f16078 T usb_get_descriptor
23f160ec T usb_get_configuration_no
23f16198 T usb_set_address
23f161e0 T usb_set_interface
23f162d0 T usb_set_configuration
23f16348 T usb_set_protocol
23f163ac T usb_set_idle
23f16410 T usb_get_report
23f1648c T usb_get_class_descriptor
23f16508 T usb_get_string
23f16598 t usb_string_sub
23f166c8 T usb_string
23f167c8 T usb_get_dev_index
23f167f4 T usb_alloc_new_device
23f168a8 T usb_get_hub_descriptor
23f1690c T usb_clear_hub_feature
23f16968 T usb_clear_port_feature
23f169cc T usb_set_port_feature
23f16a30 T usb_get_hub_status
23f16a8c T usb_get_port_status
23f16af0 t usb_hub_power_on
23f16b58 T usb_hub_allocate
23f16ba0 T usb_hub_configure
23f16dec T usb_hub_probe
23f16e4c T usb_new_device
23f170a4 T usb_hub_port_connect_change
23f1723c T usb_scan_devices
23f172a8 T usb_init
23f17334 T usb_stor_get_dev
23f1734c T usb_show_progress
23f17358 T usb_stor_info
23f173c4 t usb_stor_irq
23f173e0 t usb_stor_BBB_reset
23f174d8 t usb_stor_CB_reset
23f175d0 T usb_stor_BBB_comdat
23f176c0 T usb_stor_CB_comdat
23f17910 T usb_stor_CBI_get_status
23f179e8 T usb_stor_BBB_clear_endpt_stall
23f17a44 T usb_stor_BBB_transport
23f17c30 T usb_stor_CB_transport
23f17e18 t usb_request_sense
23f17e80 t usb_test_unit_ready
23f17f08 T usb_stor_read
23f1811c T usb_storage_probe
23f18358 T usb_stor_get_info
23f185e8 T usb_stor_scan
23f18764 T CYGACC_COMM_IF_GETC_TIMEOUT
23f187c0 T CYGACC_COMM_IF_PUTC
23f187cc T parse_num
23f18904 t xyzModem_flush
23f18934 t xyzModem_get_hdr
23f18c14 T xyzModem_stream_open
23f18d88 T xyzModem_stream_read
23f19030 T xyzModem_stream_close
23f19088 T xyzModem_stream_terminate
23f19160 T xyzModem_error
23f191fc T cyg_crc16
23f19248 T dummy_func
23f1924c T dummy_udp_func
23f19250 T uip_network_loop
23f193a0 T uip_icmp6_send_echo_req
23f19480 T uip_lladdr_set
23f19534 T uip_network_addr_set
23f1967c T uip_network_init
23f196c4 T ping6
23f198e8 T uip_ipv6addr_netwk_cmp
23f19958 T uip_neighbor_send_solicitation
23f19ab0 T uip_router_send_solicitation
23f19bb0 T uip_ip6autoconfig
23f19ca4 T uip_router_parse_advertisement
23f19dcc T uip_neighbor_out
23f19eec T inet_ntop6
23f1a254 T inet_pton6
23f1a4d4 T ip6_masklen
23f1a534 T masklen2ip6
23f1a598 T apply_mask_ipv6
23f1a5ec T tftp6_get
23f1a990 T tftp_send_ack
23f1a9d4 T tftp_send_rrq
23f1aa68 T tftp6_appcall
23f1ae64 T uip_setipid
23f1ae74 T uip_add32
23f1af2c t chksum
23f1afb4 T htons
23f1afcc T uip_chksum
23f1affc T uip_ipchksum
23f1b038 t upper_layer_chksum
23f1b0ac T uip_icmp6chksum
23f1b0c4 T uip_tcpchksum
23f1b0dc T uip_udpchksum
23f1b0f4 T uip_init
23f1b1dc T uip_connect
23f1b3bc T uip_udp_new
23f1b514 T uip_unlisten
23f1b578 T uip_listen
23f1b5d8 t uip_add_rcv_nxt
23f1b634 T uip_process
23f1ca4c T uip_send
23f1ca90 T timer_set
23f1cb10 T timer_reset
23f1cbc8 T timer_restart
23f1cc10 T timer_expired
23f1ccb8 T uip_neighbor_init
23f1ccd8 T uip_neighbor_periodic
23f1cd08 T uip_neighbor_add
23f1cdb4 t find_entry
23f1ce00 T uip_neighbor_update
23f1ce18 T uip_neighbor_lookup
23f1ce34 T clock_time
23f1ce38 T crc32
23f1cf34 T crc32_no_comp
23f1d028 T display_options
23f1d048 T print_size
23f1d0dc T strcpy
23f1d0f8 T strncpy
23f1d11c T strcat
23f1d148 T strncat
23f1d188 T strcmp
23f1d1b8 T strncmp
23f1d200 T strchr
23f1d230 T strlen
23f1d254 T strrchr
23f1d28c T strnlen
23f1d2c4 T strdup
23f1d2fc T strspn
23f1d35c T strpbrk
23f1d39c T strtok
23f1d420 T strsep
23f1d458 T strswab
23f1d4b4 T memset
23f1d4d8 T bcopy
23f1d504 T memcpy
23f1d52c T memmove
23f1d58c T memcmp
23f1d5c0 T memscan
23f1d5e4 T strstr
23f1d64c T memchr
23f1d67c T simple_strtoul
23f1d730 T simple_strtol
23f1d758 t skip_atoi
23f1d7a0 t number
23f1da14 T vsprintf
23f1de3c T sprintf
23f1de5c T panic
23f1dea4 t inflate_codes_free
23f1dec4 t inflate_trees_free
23f1df04 t inflate_blocks_reset
23f1dfd4 T inflateEnd
23f1e074 T inflateReset
23f1e0dc T inflateSync
23f1e1e8 T inflateInit2
23f1e348 T inflateInit
23f1e350 t inflate_codes_new
23f1e3a0 T inflateIncomp
23f1e4d8 t inflate_flush
23f1e64c t huft_build
23f1ec48 t falloc
23f1ec6c t ffree
23f1ec70 T inflate
23f20918 T adler32
23f20a8c T pm9261_dm9000_init
23f20ac8 T board_init
23f20b10 T checkboard
23f20c30 T dram_init
23f20c50 T board_late_init
23f20c78 T AT91F_DataFlashSendCommand
23f20dac T AT91F_DataFlashGetStatus
23f20e14 T AT91F_DataFlashWaitReady
23f20e5c T AT91F_DataFlashContinuousRead
23f20ec4 T AT91F_DataFlashPagePgmBuf
23f20f10 T AT91F_MainMemoryToBufferTransfert
23f20f64 T AT91F_DataFlashWriteBuffer
23f21080 T AT91F_PageErase
23f210b0 T AT91F_BlockErase
23f210e4 T AT91F_WriteBufferToMain
23f2113c T AT91F_PartialPageWrite
23f21208 T AT91F_DataFlashWrite
23f213a4 T AT91F_DataFlashRead
23f21440 T AT91F_DataflashProbe
23f21468 T pm9261_nand_init
23f21514 t pm9261_nand_hwcontrol
23f2157c t pm9261_nand_ready
23f21590 T board_nand_init
23f215c4 T flash_print_info
23f21730 T flash_init
23f21a34 T flash_erase
23f21c5c t write_word_amd
23f21d04 T write_buff
23f21dcc t read_p15_c1
23f21dd4 t write_p15_c1
23f21ddc t cp_delay
23f21e04 T cpu_init
23f21e0c T cleanup_before_linux
23f21e34 T do_reset
23f21e4c T icache_enable
23f21e68 T icache_disable
23f21e84 T icache_status
23f21e98 T AT91F_SpiInit
23f21f34 T AT91F_SpiEnable
23f21f98 T AT91F_SpiDisablePDC
23f21fa8 T AT91F_SpiEnablePDC
23f21fb8 T AT91F_SpiWrite
23f22094 T serial_setbrg
23f220dc T serial_init
23f22144 T serial_putc
23f22178 T serial_puts
23f221a0 T serial_getc
23f221c0 T serial_tstc
23f221d8 t roothub_a
23f22224 t roothub_portstatus
23f2227c t urb_free_priv
23f222bc t td_fill
23f22364 T sohci_submit_job
23f2293c T rh_check_port_status
23f22994 T submit_int_msg
23f2299c t hc_reset
23f22a54 T submit_common_msg
23f22efc T submit_control_msg
23f23490 T submit_bulk_msg
23f234b0 t hc_release_ohci
23f234c0 T usb_lowlevel_init
23f23724 T usb_lowlevel_stop
23f23770 t read_p15_c1
23f23778 t write_p15_c1
23f23780 t cp_delay
23f237a8 T dcache_enable
23f237c4 T dcache_disable
23f237e0 T dcache_status
23f237f4 T AT91F_TWI_WaitMicroSecond
23f23804 T AT91F_SetTwiClock
23f2383c T AT91F_TWI_WriteSingle
23f238a8 T AT91F_TWI_WriteSingleIadr
23f23920 T AT91F_TWI_WriteMultiple
23f239d8 T AT91F_TWI_WriteMultipleIadr
23f23a90 T AT91F_TWI_ReadSingle
23f23b04 T AT91F_TWI_ReadSingleIadr
23f23b80 T AT91F_TWI_ReadMultiple
23f23c2c T AT91F_TWI_ReadMultipleIadr
23f23ce4 T AT91F_TWI_ProbeDevices
23f23d58 T AT91F_TWI_Open
23f23da8 T __ashldi3
23f23dc4 T __ashrdi3
23f23de0 T __divsi3
23f23ef8 t Ldiv0
23f23f20 T __modsi3
23f23ff4 t Ldiv0
23f24020 T __udivsi3
23f24038 t Loop1
23f2404c t Lbignum
23f24060 t Loop3
23f240a0 t Lgot_result
23f240a8 t Ldiv0
23f240b8 T __umodsi3
23f240cc t Loop1
23f240e0 t Lbignum
23f240f4 t Loop3
23f2415c t Ldiv0
23f2416c T do_bootm_linux
23f24628 T flush_cache
23f2462c T __div0
23f24630 t cramfs_read_super
23f2476c t cramfs_resolve
23f24898 t cramfs_uncompress
23f24940 T cramfs_load
23f24a24 t cramfs_list_inode
23f24b84 T cramfs_ls
23f24cf4 T cramfs_info
23f24dbc T cramfs_check
23f24e2c t zalloc
23f24e3c t zfree
23f24e44 T cramfs_uncompress_block
23f24e90 T cramfs_uncompress_init
23f24ef0 T cramfs_uncompress_exit
23f24f08 t downcase
23f24f34 T disk_read
23f24f98 T fat_register_device
23f250a4 t dirdelim
23f250dc t compare_sign
23f25110 t get_name
23f251d8 t get_fatent
23f25350 t get_cluster
23f253f8 t slot2str
23f254c4 t get_vfatname
23f2565c t mkcksum
23f25690 t read_bootsectandvi
23f25780 T do_fat_read
23f260d8 T file_fat_detectfs
23f2621c T file_fat_ls
23f2622c T file_fat_read
23f26264 t get_fl_mem_nand
23f26424 t get_node_mem_nand
23f264a0 t put_fl_mem_nand
23f264a4 t free_nodes
23f264d4 t insert_node
23f265ac T jffs2_free_cache
23f265d8 t jffs2_1pass_read_inode
23f26904 t jffs2_1pass_find_inode
23f26b08 T mkmodestr
23f26c28 t jffs2_1pass_search_inode
23f26d70 T jffs2_1pass_rescan_needed
23f26e4c t jffs2_get_list
23f273a0 T jffs2_1pass_ls
23f27c50 T jffs2_1pass_load
23f28048 T jffs2_1pass_info
23f281f4 T rtime_decompress
23f282c4 T rubin_do_decompress
23f283a4 T dynrubin_decompress
23f283ec T zlib_decompress
23f28404 T cramfs_memset
23f28418 T pull_bits
23f28480 T pull_bit
23f284c4 t read_symbol
23f28598 t decompress_huffman
23f28778 t fill_code_tables
23f28868 t init_code_tables
23f288e4 T decompress_block
23f291d4 T dev_print
23f29374 T init_part
23f29390 T get_partition_info
23f293b4 T print_part
23f29478 T test_part_dos
23f294cc t print_partition_extended
23f29714 t get_partition_info_extended
23f299a4 T print_part_dos
23f299d0 T get_partition_info_dos
23f299f8 t nand_block_bad_scrub
23f29a00 T nand_erase_opts
23f29da0 T nand_write_opts
23f2a2a0 T nand_read_opts
23f2a620 T nand_lock
23f2a694 T nand_get_lock_status
23f2a720 T nand_unlock
23f2a850 T __udivdi3
23f2ae14 R version_string
23f2ae44 r ds_table
23f2af44 r default_nand_name
23f2af4c r __FUNCTION__.0
23f2af60 r nand_ecc_precalc_table
23f2b060 r baudrate_table
23f2b074 r crc16_tab
23f2b274 r xdigits.0
23f2b288 r maskbit
23f2b292 R all_zeroes_addr
23f2b2a2 r all_ones_addr
23f2b2b4 r crc_table
23f2b6b4 r mon_lengths.2
23f2b714 r year_lengths.3
23f2b71c r day_name.0
23f2b731 r mon_name.1
23f2b758 r __clz_tab
23f33ff4 D ch7025_map
23f3404c D init_sequence
23f3407c D NetOurNativeVLAN
23f3407e D NetOurVLAN
23f34080 D NetBcastAddr
23f34088 d nfs_offset
23f3408c D area_list
23f34098 D cs
23f340a8 d media_mode
23f340ac D nand_curr_device
23f340b0 d base_address
23f340b4 d nand_oob_64
23f3417c d nand_oob_16
23f34244 d nand_oob_8
23f3430c d ffchars
23f3434c D nand_manuf_ids
23f3438c D nand_flash_ids
23f3489c d smallpage_memorybased
23f348c0 d scan_ff_pattern
23f348c4 d largepage_memorybased
23f348e8 d smallpage_flashbased
23f3490c d largepage_flashbased
23f34930 d agand_flashbased
23f34954 d scan_agand_pattern
23f3495c d bbt_mirror_descr
23f34980 d mirror_pattern
23f34984 d bbt_main_descr
23f349a8 d bbt_pattern
23f349ac d tab_seq
23f349b8 d erase_seq
23f349bc D load_addr
23f349c0 D op_table
23f34a28 D dp_last_length
23f34a2c d usb_stor_curr_dev
23f34a30 D stdio_names
23f34a3c d mmap_threshold
23f34a40 d trim_threshold
23f34a44 d sbrk_base
23f34a48 d av_
23f34e50 D default_environment
23f35208 D env_get_char
23f3520c D env_ptr
23f35210 D env_name_spec
23f35214 d flash_addr
23f35218 D us_direction
23f35238 D _ctype
23f35338 D z_errmsg
23f35358 D zlib_version
23f3535c d inflate_mask
23f353a0 d border
23f353ec d cpdext
23f35464 d cpdist
23f354dc d cplext
23f35558 d cplens
23f355d4 d fixed_left
23f355d8 D us
23f355dc d root_hub_str_index1
23f355f8 d root_hub_str_index0
23f355fc d root_hub_config_des
23f35615 d root_hub_dev_des
23f35628 d cc_to_error
23f35668 d cur_part
23f3566c d compr_names
23f35688 d spinner
23f3568c d nand_cache_off
23f35690 d l.4
23f35694 d huffman_order
23f356a8 d yaffs_oobinfo
23f35770 d jffs2_oobinfo
23f35838 d autoplace_oobinfo
23f35900 D _GLOBAL_OFFSET_TABLE_
23f35910 A __u_boot_cmd_start
23f35910 D __u_boot_cmd_autoscr
23f35928 D __u_boot_cmd_reset
23f35940 D __u_boot_cmd_go
23f35958 D __u_boot_cmd_imls
23f35970 D __u_boot_cmd_iminfo
23f35988 D __u_boot_cmd_bootd
23f359a0 D __u_boot_cmd_boot
23f359b8 D __u_boot_cmd_bootm
23f359d0 D __u_boot_cmd_coninfo
23f359e8 D __u_boot_cmd_bootvx
23f35a00 D __u_boot_cmd_bootelf
23f35a18 D __u_boot_cmd_fatinfo
23f35a30 D __u_boot_cmd_fatls
23f35a48 D __u_boot_cmd_fatload
23f35a60 D __u_boot_cmd_protect
23f35a78 D __u_boot_cmd_erase
23f35a90 D __u_boot_cmd_flinfo
23f35aa8 D __u_boot_cmd_itest
23f35ac0 D __u_boot_cmd_mtdparts
23f35ad8 D __u_boot_cmd_chpart
23f35af0 D __u_boot_cmd_fsinfo
23f35b08 D __u_boot_cmd_ls
23f35b20 D __u_boot_cmd_fsload
23f35b38 D __u_boot_cmd_loady
23f35b50 D __u_boot_cmd_loadb
23f35b68 D __u_boot_cmd_mtest
23f35b80 D __u_boot_cmd_loop
23f35b98 D __u_boot_cmd_base
23f35bb0 D __u_boot_cmd_crc32
23f35bc8 D __u_boot_cmd_cmp
23f35be0 D __u_boot_cmd_cp
23f35bf8 D __u_boot_cmd_mw
23f35c10 D __u_boot_cmd_nm
23f35c28 D __u_boot_cmd_mm
23f35c40 D __u_boot_cmd_md
23f35c58 D __u_boot_cmd_nboot
23f35c70 D __u_boot_cmd_nand
23f35c88 D __u_boot_cmd_ping
23f35ca0 D __u_boot_cmd_nfs
23f35cb8 D __u_boot_cmd_dhcp
23f35cd0 D __u_boot_cmd_rarpboot
23f35ce8 D __u_boot_cmd_tftpboot
23f35d00 D __u_boot_cmd_bootp
23f35d18 D __u_boot_cmd_run
23f35d30 D __u_boot_cmd_saveenv
23f35d48 D __u_boot_cmd_setenv
23f35d60 D __u_boot_cmd_printenv
23f35d78 D __u_boot_cmd_usbboot
23f35d90 D __u_boot_cmd_usb
23f35da8 D __u_boot_cmd_question_mark
23f35dc0 D __u_boot_cmd_help
23f35dd8 D __u_boot_cmd_echo
23f35df0 D __u_boot_cmd_version
23f35e08 A __bss_start
23f35e08 A __u_boot_cmd_end
23f35f00 B p_pitc
23f35f04 b timestamp
23f35f0c b lastinc
23f35f10 B monitor_flash_len
23f35f14 b mem_malloc_brk
23f35f18 b mem_malloc_end
23f35f1c b mem_malloc_start
23f35f20 B NetTxPacket
23f35f24 B NetEtherNullAddr
23f35f2a B NetServerEther
23f35f30 B NetBootFileSize
23f35f32 B NetOurRootPath
23f35f72 B NetOurHostName
23f35f92 B NetOurNISDomain
23f35fb4 B NetOurDNSIP
23f35fb8 B NetOurGatewayIP
23f35fbc B NetOurSubnetMask
23f35fc0 B NetBootFileXferSize
23f35fc4 B NetOurEther
23f35fcc B NetOurIP
23f35fd0 B NetServerIP
23f35fd4 B NetRxPackets
23f35fe4 B NetRxPkt
23f35fe8 B NetRxPktLen
23f35fec B NetIPID
23f35ff0 B NetState
23f35ff4 B BootFile
23f36074 B NetPingIP
23f36078 B PktBuf
23f37e98 B NetArpWaitPacketIP
23f37e9c B NetArpWaitReplyIP
23f37ea0 B NetArpWaitPacketMAC
23f37ea4 B NetArpWaitTxPacket
23f37ea8 B NetArpWaitTxPacketSize
23f37eac B NetArpWaitPacketBuf
23f384cc B NetArpWaitTimerStart
23f384d0 B NetArpWaitTry
23f384d4 b mac.0
23f384dc b packetHandler
23f384e0 b timeHandler
23f384e4 b timeStart
23f384e8 b timeDelta
23f384ec b PingSeqNo
23f384f0 B TftpBlock
23f384f4 B TftpLastBlock
23f384f8 B TftpBlockWrap
23f384fc B TftpBlockWrapOffset
23f38500 B TftpState
23f38504 b TftpServerPort
23f38508 b TftpOurPort
23f3850c b TftpTimeoutCount
23f38510 b default_filename
23f38520 b tftp_filename
23f38524 B NetDHCPServerIP
23f38528 B dhcp_leasetime
23f3852c B dhcp_state
23f38530 B BootpID
23f38534 B BootpTry
23f38538 B RarpTry
23f3853c b rpc_id
23f38540 b fs_mounted
23f38544 b nfs_len
23f38548 b dirfh
23f38568 b filefh
23f38588 b NfsDownloadState
23f3858c b NfsServerIP
23f38590 b NfsSrvMountPort
23f38594 b NfsSrvNfsPort
23f38598 b NfsOurPort
23f3859c b NfsTimeoutCount
23f385a0 b NfsState
23f385a4 b default_filename
23f385e4 b nfs_filename
23f385e8 b nfs_path
23f385ec b nfs_path_buff
23f38dec B dataflash_info
23f38e94 b DataFlashInst
23f38e9c B dmfe_info
23f38f3c b nfloor
23f38f40 B nand_info
23f39088 b nand_chip
23f39144 B console_buffer
23f39244 b netwk_timeout.0
23f3924c b lastcommand.1
23f3934c B header
23f3938c B mtdids
23f39394 B devices
23f3939c b current_dev
23f393a0 b current_partnum
23f393a4 b initialized.0
23f393a8 b last_ids
23f39428 b last_parts
23f39628 b last_partition
23f39638 B os_data_count
23f3963c B os_data_header
23f3965c B his_eol
23f39660 B his_pad_count
23f39664 B his_pad_char
23f39665 B his_quote
23f39668 B os_data_init
23f3966c B os_data_char
23f39670 B send_parms
23f39684 B send_ptr
23f39688 b a_b
23f396a0 b os_data_state
23f396a4 b os_data_state_saved
23f396a8 b os_data_count_saved
23f396ac b os_data_addr
23f396b0 b os_data_addr_saved
23f396b4 b bin_start_address
23f396b8 b k_data_escape
23f396bc b k_data_escape_saved
23f396c0 B dp_last_addr
23f396c4 B dp_last_size
23f396c8 B mm_last_addr
23f396cc B mm_last_size
23f396d0 b base_address
23f396d4 b ctrlc_was_pressed
23f396d8 b ctrlc_disabled
23f396dc B stdio_devices
23f396e8 B devlist
23f396ec b n_mmaps_max
23f396f0 b top_pad
23f396f4 b current_mallinfo
23f3971c b max_total_mem
23f39720 b mmapped_mem
23f39724 b max_sbrked_mem
23f39728 B usb_started
23f3972c b usb_dev
23f45fac b dev_index
23f45fb0 b running
23f45fb4 b asynch_allowed
23f45fb8 b setup_packet
23f45fc0 b hub_dev
23f460c0 b usb_hub_index
23f460c4 b CBWTag
23f460c8 b usb_max_devs
23f460cc b usb_stor_buf
23f462cc b usb_ccb
23f4635c b usb_dev_desc
23f46550 b usb_stor
23f46654 b xyz
23f46a90 B ping6_status
23f46a94 B ping6_addr
23f46aa4 B periodic_timer
23f46ab4 B nd_timer
23f46ac4 B app_timer
23f46ad4 B tftp6_status
23f46ad8 B tftp_filename
23f46adc b x.0
23f46ae0 b tftp6_conn
23f46ae4 B uip_ethaddr
23f46aea B uip_buf
23f470dc B uip_appdata
23f470e0 B uip_len
23f470e4 B uip_conn
23f470e8 B uip_conns
23f4713a B uip_acc32
23f47140 B uip_udp_conn
23f47144 B uip_udp_conns
23f47220 B uip_flags
23f47222 B uip_hostaddr
23f47232 B uip_netmask
23f47242 B uip_draddr
23f47252 B uip_prefix_len
23f47254 B uip_lladdr
23f47264 B uip_sappdata
23f47268 B uip_slen
23f4726a B uip_listenports
23f4726e b ipid
23f47270 b iss
23f47274 b lastport
23f47276 b c
23f47277 b opt
23f47278 b tmp16
23f4727c b entries
23f47334 B ___strtok
23f47338 b fixed_built
23f4733c b fixed_lock
23f47340 b fixed_mem
23f483d0 b fixed_bl
23f483d4 b fixed_bd
23f483d8 b fixed_tl
23f483dc b fixed_td
23f483e0 B flash_info
23f48900 B gtd
23f49940 B ptd
23f49a00 B ghcca
23f49b00 B phcca
23f49b10 B ohci_dev
23f49ca0 B urb_priv
23f49d74 B got_rhsc
23f49d78 B devgone
23f49d7c b ohci_inited
23f49d80 b gohci
23f49f00 b params
23f49f04 B super
23f49f50 b stream
23f49f84 B get_vfatname_block
23f59f84 B get_dentfromdir_block
23f69f84 B do_fat_read_block
23f79f84 b cur_dev
23f79f88 b part_offset
23f79f8c b nand_cache
23f79f90 b current_part
23f79f94 b none_oobinfo
23f7a05c b data_buf
23f7a85c b oob_buf
23f7a89c A _end
