23f00000 T _start
23f00020 t _undefined_instruction
23f00024 t _software_interrupt
23f00028 t _prefetch_abort
23f0002c t _data_abort
23f00030 t _not_used
23f00034 t _irq
23f00038 t _fiq
23f00040 t _TEXT_BASE
23f00044 T _armboot_start
23f00048 T _bss_start
23f0004c T _bss_end
23f00050 t reset
23f00064 t relocate
23f00084 t copy_loop
23f00094 t stack_setup
23f000a4 t clear_bss
23f000b0 t clbss_l
23f000c4 t _start_armboot
23f000c8 t cpu_init_crit
23f00100 t undefined_instruction
23f00160 t software_interrupt
23f001c0 t prefetch_abort
23f00220 t data_abort
23f00280 t not_used
23f002e0 t irq
23f00340 t fiq
23f003a0 t _TEXT_BASE
23f003a4 T lowlevel_init
23f003a8 t POS1
23f003fc t MOSCS_Loop
23f0041c t MOSCS_Loop1
23f00430 t Init_MCKR
23f0043c t MCKRDY_Loop
23f0045c t MOSCS_Loop2
23f004c4 t SMRDATA
23f00554 t SMRDATA1
23f00604 t SMRDATA2
23f00608 T enable_interrupts
23f0060c T disable_interrupts
23f00614 T bad_mode
23f00630 T show_regs
23f0076c T do_undefined_instruction
23f00790 T do_software_interrupt
23f007b4 T do_prefetch_abort
23f007d8 T do_data_abort
23f007fc T do_not_used
23f00820 T do_fiq
23f00844 T do_irq
23f00868 T interrupt_init
23f008cc T reset_timer_masked
23f00900 T reset_timer
23f00904 T set_timer
23f00918 T get_timer_raw
23f0099c T udelay_masked
23f00a00 T udelay
23f00a04 T get_timer_masked
23f00a1c T get_timer
23f00a30 T get_ticks
23f00a44 T get_tbclk
23f00a4c T reset_cpu
23f00a50 T sbrk
23f00a94 t init_baudrate
23f00ae8 t display_banner
23f00b08 t display_dram_config
23f00b38 T hang
23f00b48 T start_armboot
23f00da0 T NetSetEther
23f00e60 T ArpRequest
23f00fa0 t startAgainTimeout
23f00fb4 t startAgainHandler
23f00fb8 T NetSetTimeout
23f00ff4 T NetSetHandler
23f01004 T NetStartAgain
23f01080 T ArpTimeoutCheck
23f01100 T NetSendPacket
23f01104 T NetCksum
23f01150 T NetSetIP
23f01290 T NetSendUDPPacket
23f013f8 T PingSend
23f01584 t PingTimeout
23f015a0 t PingHandler
23f015e4 T NetCksumOk
23f01608 T NetEthHdrSize
23f0164c T copy_filename
23f016a0 T ip_to_string
23f016f8 T print_IPaddr
23f0171c T NetReceive
23f01cc4 T string_to_ip
23f01d44 T getenv_IPaddr
23f01d54 T VLAN_to_string
23f01db0 T string_to_VLAN
23f01e08 T getenv_VLAN
23f01e20 T NetLoop
23f022b4 t TftpSend
23f02460 t TftpHandler
23f026e8 t TftpTimeout
23f02740 T TftpStart
23f02960 t BootpCopyNetParams
23f02a14 t truncate_sz
23f02a48 t DhcpExtended
23f02bc0 T BootpRequest
23f02dd4 t BootpTimeout
23f02e18 t DhcpOptionsProcess
23f03024 t DhcpHandler
23f03388 T DhcpRequest
23f0338c t RarpHandler
23f033e4 T RarpRequest
23f034e0 t RarpTimeout
23f03524 T eth_initialize
23f0352c t basename
23f0356c t dirname
23f03588 t rpc_add_credentials
23f03654 t rpc_req
23f03790 t rpc_lookup_req
23f03810 t NfsSend
23f03ae0 t rpc_lookup_reply
23f03bc8 t NfsTimeout
23f03bec t NfsHandler
23f041c0 T NfsStart
23f0441c T AT91F_DataflashInit
23f0459c T dataflash_print_info
23f046a8 T AT91F_DataflashSelect
23f04720 T addr_dataflash
23f0475c T size_dataflash
23f0478c T prot_dataflash
23f047bc T dataflash_real_protect
23f0489c T read_dataflash
23f04910 T write_dataflash
23f049a8 T dataflash_perror
23f04a48 t DM9000_ior
23f04a58 t DM9000_iow
23f04a70 t phy_write
23f04ad0 t phy_read
23f04b28 t dm9000_reset
23f04b44 T eth_send
23f04c20 T eth_halt
23f04c58 T eth_rx
23f04d6c t w1_set
23f04d90 T eth_init
23f05438 T nand_init
23f054cc t nand_release_device
23f054e4 t nand_read_byte
23f054f4 t nand_write_byte
23f05508 t nand_read_byte16
23f0551c t nand_write_byte16
23f05530 t nand_read_word
23f05540 t nand_write_word
23f05558 t nand_select_chip
23f055bc t nand_write_buf
23f055f0 t nand_read_buf
23f0561c t nand_verify_buf
23f05664 t nand_write_buf16
23f0569c t nand_read_buf16
23f056d4 t nand_verify_buf16
23f05724 t nand_get_device
23f05728 t nand_block_bad
23f05824 t nand_check_wp
23f05860 t nand_write_oob
23f05a0c t nand_default_block_markbad
23f05aa8 t nand_block_checkbad
23f05ad8 t nand_command
23f05cc0 t nand_command_lp
23f05edc t nand_wait
23f05fa4 t nand_read_ecc
23f06680 t nand_read
23f066b0 t nand_read_oob
23f068a8 T nand_read_raw
23f06a4c t nand_prepare_oobbuf
23f06b5c t nand_write_ecc
23f07098 t nand_write
23f070c8 t single_erase_cmd
23f07108 t multi_erase_cmd
23f0719c T nand_erase_nand
23f07388 t nand_erase
23f07390 t nand_sync
23f07394 t nand_block_isbad
23f073e8 t nand_block_markbad
23f0742c T nand_scan
23f07e48 T nand_release
23f07e84 T nand_calculate_ecc
23f07f98 T nand_correct_data
23f0811c t check_pattern
23f081d0 t read_bbt
23f083dc t read_abs_bbt
23f084cc t create_bbt
23f08678 t search_bbt
23f08860 t write_bbt
23f08e80 T nand_update_bbt
23f08fe4 t mark_bbt_region
23f09174 T nand_scan_bbt
23f095cc T nand_default_bbt
23f096a0 T nand_isbad_bbt
23f09708 t delete_char
23f097e4 T readline
23f099c0 T run_command
23f09e10 T main_loop
23f09f84 T do_run
23f0a000 T autoscript
23f0a220 T do_autoscript
23f0a264 T do_go
23f0a2ec T do_bootd
23f0a310 T print_image_hdr
23f0a704 t do_imls
23f0a88c t image_info
23f0a9c4 T do_iminfo
23f0aa28 t zalloc
23f0aa38 t zfree
23f0aa40 T gunzip
23f0ab9c T do_bootm
23f0b300 T do_coninfo
23f0b3d8 T valid_elf_image
23f0b42c T load_elf_image
23f0b548 T do_bootvx
23f0b6c4 T do_bootelf
23f0b76c T get_dev
23f0b79c T do_fat_fsload
23f0b920 T do_fat_ls
23f0ba34 T do_fat_fsinfo
23f0bb1c t abbrev_spec
23f0bc7c t addr_spec
23f0be20 t flash_fill_sect_ranges
23f0bff8 T do_flinfo
23f0c0a4 T flash_sect_erase
23f0c190 T do_flerase
23f0c418 T flash_sect_protect
23f0c510 T do_protect
23f0c98c t evalexp
23f0c9d8 t evalstr
23f0c9f4 T binary_test
23f0cbd0 T do_itest
23f0cc7c t memsize_parse
23f0ccf0 t memsize_format
23f0cd58 t jffs2_part_info
23f0cdf4 t index_partitions
23f0ced0 t current_save
23f0cf7c t part_validate
23f0d198 t part_delall
23f0d1e0 t device_del
23f0d26c t part_sort_add
23f0d3b8 t device_delall
23f0d418 t device_find
23f0d470 t devices_init
23f0d4a4 t device_parse
23f0d9cc T id_parse
23f0dab8 t generate_mtdparts_save
23f0dd70 T find_dev_and_part
23f0de9c T mtdparts_init
23f0e508 T do_jffs2_fsload
23f0e694 T do_jffs2_ls
23f0e714 T do_jffs2_fsinfo
23f0e7a8 T do_jffs2_chpart
23f0e86c T do_jffs2_mtdparts
23f0ee08 T send_pad
23f0ee44 T ktrans
23f0ee70 T chk1
23f0eea0 T s1_sendpacket
23f0eecc T send_ack
23f0ef30 T send_nack
23f0ef94 t bin_data_init
23f0efcc t bin_data_char
23f0f010 T k_data_init
23f0f038 T k_data_save
23f0f09c T k_data_restore
23f0f100 T k_data_char
23f0f174 T handle_send_packet
23f0f38c t getcxmodem
23f0f3a8 T do_load_serial_bin
23f0f964 T cmd_get_data_size
23f0f9d8 T do_mem_md
23f0fc38 T do_mem_mw
23f0fd20 T do_mem_cmp
23f0ff0c T do_mem_cp
23f10154 T do_mem_base
23f10198 T do_mem_loop
23f1029c T do_mem_mtest
23f103c0 t mod_mem
23f10550 T do_mem_nm
23f10578 T do_mem_mm
23f105a0 T do_mem_crc
23f10658 t arg_off_size
23f106c4 T do_nand
23f1129c T do_nandboot
23f11528 t netboot_common
23f117e8 T do_nfs
23f117f4 T do_dhcp
23f11800 T do_rarpb
23f1180c T do_tftpb
23f11818 T do_bootp
23f11824 T do_ping
23f118bc t envmatch
23f11930 T do_printenv
23f11aec T _do_setenv
23f11f70 T setenv
23f11fa8 T do_setenv
23f11fe8 T getenv
23f12064 T getenv_r
23f12128 T do_saveenv
23f12154 T usb_get_class_desc
23f12200 T usb_display_class_sub
23f12398 T usb_display_string
23f123d0 T usb_display_desc
23f12544 T usb_display_conf_desc
23f125f4 T usb_display_if_desc
23f1267c T usb_display_ep_desc
23f12748 T usb_display_config
23f127d8 T usb_show_tree_graph
23f12a14 T usb_show_tree
23f12a48 T do_usbboot
23f12e40 T do_usb
23f132c8 T do_version
23f132e8 T do_echo
23f13368 T find_cmd
23f13410 T do_help
23f135d0 t console_setfile
23f13678 T serial_printf
23f136b0 T fgetc
23f136d8 T ftstc
23f13700 T fputc
23f13730 T fputs
23f1375c T fprintf
23f1379c T getc
23f137b4 T tstc
23f137cc T putc
23f137f4 T puts
23f13810 T printf
23f13848 T vprintf
23f13874 T ctrlc
23f138cc T disable_ctrlc
23f138e4 T had_ctrlc
23f138f4 T clear_ctrlc
23f13908 T dbg
23f13914 T console_assign
23f139a4 T console_init_f
23f139b4 T console_init_r
23f13b40 T device_register
23f13b64 T devices_init
23f13c14 T devices_done
23f13c30 T malloc_bin_reloc
23f13c64 T malloc_trim
23f13d3c T free
23f13f50 T malloc
23f14594 T realloc
23f149fc T memalign
23f14b0c T valloc
23f14b18 T pvalloc
23f14b30 T calloc
23f14c00 T cfree
23f14c04 T malloc_usable_size
23f14c44 T mallopt
23f14cbc T env_crc_update
23f14ce8 t env_get_char_init
23f14d10 T env_get_char_memory
23f14d30 T env_get_addr
23f14d50 T env_relocate
23f14de4 T env_get_char_spec
23f14df0 T env_init
23f14e48 T saveenv
23f14f08 T env_relocate_spec
23f14f28 t dummy
23f14f2c T get_version
23f14f34 T jumptable_init
23f14fe8 T flash_protect
23f150f8 T addr2info
23f15140 T flash_write
23f152d8 T flash_perror
23f153b8 T NewHandle
23f15418 T DisposeHandle
23f15438 T GetHandleSize
23f15440 T SetHandleSize
23f154b0 T ListCreate
23f15510 T ListSetAllocationPolicy
23f15524 T ListDispose
23f15528 T ListInsertItems
23f156dc T ListInsertItem
23f156e4 T ListGetItems
23f1572c T ListGetPtrToItem
23f1575c T ListGetDataPtr
23f15768 T ListGetItemSize
23f15774 T ListNumItems
23f15780 T wait_ms
23f157a4 T usb_hub_reset
23f157b8 T usb_stop
23f157e8 T usb_disable_asynch
23f15800 T usb_submit_int_msg
23f1580c T usb_control_msg
23f158f4 T usb_bulk_msg
23f15960 T usb_maxpacket
23f15984 T usb_set_maxpacket
23f15a74 T usb_parse_config
23f15c38 T usb_clear_halt
23f15ce0 T usb_get_descriptor
23f15d54 T usb_get_configuration_no
23f15e00 T usb_set_address
23f15e48 T usb_set_interface
23f15f38 T usb_set_configuration
23f15fb0 T usb_set_protocol
23f16014 T usb_set_idle
23f16078 T usb_get_report
23f160f4 T usb_get_class_descriptor
23f16170 T usb_get_string
23f16200 t usb_string_sub
23f16330 T usb_string
23f16430 T usb_get_dev_index
23f1645c T usb_alloc_new_device
23f16510 T usb_get_hub_descriptor
23f16574 T usb_clear_hub_feature
23f165d0 T usb_clear_port_feature
23f16634 T usb_set_port_feature
23f16698 T usb_get_hub_status
23f166f4 T usb_get_port_status
23f16758 t usb_hub_power_on
23f167c0 T usb_hub_allocate
23f16808 T usb_hub_configure
23f16a54 T usb_hub_probe
23f16ab4 T usb_new_device
23f16d0c T usb_hub_port_connect_change
23f16ea4 T usb_scan_devices
23f16f10 T usb_init
23f16f9c T usb_stor_get_dev
23f16fb4 T usb_show_progress
23f16fc0 T usb_stor_info
23f1702c t usb_stor_irq
23f17048 t usb_stor_BBB_reset
23f17140 t usb_stor_CB_reset
23f17238 T usb_stor_BBB_comdat
23f17328 T usb_stor_CB_comdat
23f17578 T usb_stor_CBI_get_status
23f17650 T usb_stor_BBB_clear_endpt_stall
23f176ac T usb_stor_BBB_transport
23f17898 T usb_stor_CB_transport
23f17a80 t usb_request_sense
23f17ae8 t usb_test_unit_ready
23f17b70 T usb_stor_read
23f17d84 T usb_storage_probe
23f17fc0 T usb_stor_get_info
23f18250 T usb_stor_scan
23f183cc T CYGACC_COMM_IF_GETC_TIMEOUT
23f18428 T CYGACC_COMM_IF_PUTC
23f18434 T parse_num
23f1856c t xyzModem_flush
23f1859c t xyzModem_get_hdr
23f1887c T xyzModem_stream_open
23f189f0 T xyzModem_stream_read
23f18c98 T xyzModem_stream_close
23f18cf0 T xyzModem_stream_terminate
23f18dc8 T xyzModem_error
23f18e64 T cyg_crc16
23f18eb0 T crc32
23f18fac T crc32_no_comp
23f190a0 T display_options
23f190c0 T print_size
23f19154 T strcpy
23f19170 T strncpy
23f19194 T strcat
23f191c0 T strncat
23f19200 T strcmp
23f19230 T strncmp
23f19278 T strchr
23f192a8 T strlen
23f192cc T strrchr
23f19304 T strnlen
23f1933c T strdup
23f19374 T strspn
23f193d4 T strpbrk
23f19414 T strtok
23f19498 T strsep
23f194d0 T strswab
23f1952c T memset
23f19550 T bcopy
23f1957c T memcpy
23f195a4 T memmove
23f19604 T memcmp
23f19638 T memscan
23f1965c T strstr
23f196c4 T memchr
23f196f4 T simple_strtoul
23f197a8 T simple_strtol
23f197d0 t skip_atoi
23f19818 t number
23f19a48 T vsprintf
23f19e30 T sprintf
23f19e50 T panic
23f19e98 t inflate_codes_free
23f19eb8 t inflate_trees_free
23f19ef8 t inflate_blocks_reset
23f19fc8 T inflateEnd
23f1a068 T inflateReset
23f1a0d0 T inflateSync
23f1a1dc T inflateInit2
23f1a33c T inflateInit
23f1a344 t inflate_codes_new
23f1a394 T inflateIncomp
23f1a4cc t inflate_flush
23f1a640 t huft_build
23f1ac3c t falloc
23f1ac60 t ffree
23f1ac64 T inflate
23f1c90c T adler32
23f1ca80 T pm9261_dm9000_init
23f1cabc T board_init
23f1cb04 T checkboard
23f1cc18 T dram_init
23f1cc38 T board_late_init
23f1cc60 T AT91F_DataFlashSendCommand
23f1cd94 T AT91F_DataFlashGetStatus
23f1cdfc T AT91F_DataFlashWaitReady
23f1ce44 T AT91F_DataFlashContinuousRead
23f1ceac T AT91F_DataFlashPagePgmBuf
23f1cef8 T AT91F_MainMemoryToBufferTransfert
23f1cf4c T AT91F_DataFlashWriteBuffer
23f1d068 T AT91F_PageErase
23f1d098 T AT91F_BlockErase
23f1d0cc T AT91F_WriteBufferToMain
23f1d124 T AT91F_PartialPageWrite
23f1d1f0 T AT91F_DataFlashWrite
23f1d38c T AT91F_DataFlashRead
23f1d428 T AT91F_DataflashProbe
23f1d450 T pm9261_nand_init
23f1d4fc t pm9261_nand_hwcontrol
23f1d564 t pm9261_nand_ready
23f1d578 T board_nand_init
23f1d5ac T flash_print_info
23f1d718 T flash_init
23f1da1c T flash_erase
23f1dc44 t write_word_amd
23f1dcec T write_buff
23f1ddb4 t read_p15_c1
23f1ddbc t write_p15_c1
23f1ddc4 t cp_delay
23f1ddec T cpu_init
23f1ddf4 T cleanup_before_linux
23f1de1c T do_reset
23f1de34 T icache_enable
23f1de50 T icache_disable
23f1de6c T icache_status
23f1de80 T AT91F_SpiInit
23f1df1c T AT91F_SpiEnable
23f1df80 T AT91F_SpiDisablePDC
23f1df90 T AT91F_SpiEnablePDC
23f1dfa0 T AT91F_SpiWrite
23f1e07c T serial_setbrg
23f1e0c4 T serial_init
23f1e12c T serial_putc
23f1e160 T serial_puts
23f1e188 T serial_getc
23f1e1a8 T serial_tstc
23f1e1c0 t roothub_a
23f1e20c t roothub_portstatus
23f1e264 t urb_free_priv
23f1e2a4 t td_fill
23f1e34c T sohci_submit_job
23f1e924 T rh_check_port_status
23f1e97c T submit_int_msg
23f1e984 t hc_reset
23f1ea3c T submit_common_msg
23f1eee4 T submit_control_msg
23f1f478 T submit_bulk_msg
23f1f498 t hc_release_ohci
23f1f4a8 T usb_lowlevel_init
23f1f70c T usb_lowlevel_stop
23f1f758 t read_p15_c1
23f1f760 t write_p15_c1
23f1f768 t cp_delay
23f1f790 T dcache_enable
23f1f7ac T dcache_disable
23f1f7c8 T dcache_status
23f1f7dc T AT91F_TWI_WaitMicroSecond
23f1f7ec T AT91F_SetTwiClock
23f1f824 T AT91F_TWI_WriteSingle
23f1f890 T AT91F_TWI_WriteSingleIadr
23f1f908 T AT91F_TWI_WriteMultiple
23f1f9c0 T AT91F_TWI_WriteMultipleIadr
23f1fa78 T AT91F_TWI_ReadSingle
23f1faec T AT91F_TWI_ReadSingleIadr
23f1fb68 T AT91F_TWI_ReadMultiple
23f1fc14 T AT91F_TWI_ReadMultipleIadr
23f1fccc T AT91F_TWI_ProbeDevices
23f1fd40 T AT91F_TWI_Open
23f1fd90 T __ashldi3
23f1fdac T __ashrdi3
23f1fde0 T __divsi3
23f1fef8 t Ldiv0
23f1ff20 T __modsi3
23f1fff4 t Ldiv0
23f20020 T __udivsi3
23f20038 t Loop1
23f2004c t Lbignum
23f20060 t Loop3
23f200a0 t Lgot_result
23f200a8 t Ldiv0
23f200b8 T __umodsi3
23f200cc t Loop1
23f200e0 t Lbignum
23f200f4 t Loop3
23f2015c t Ldiv0
23f2016c T do_bootm_linux
23f20628 T flush_cache
23f2062c T __div0
23f20630 t cramfs_read_super
23f2076c t cramfs_resolve
23f20898 t cramfs_uncompress
23f20940 T cramfs_load
23f20a24 t cramfs_list_inode
23f20b84 T cramfs_ls
23f20cf4 T cramfs_info
23f20dbc T cramfs_check
23f20e2c t zalloc
23f20e3c t zfree
23f20e44 T cramfs_uncompress_block
23f20e90 T cramfs_uncompress_init
23f20ef0 T cramfs_uncompress_exit
23f20f08 t downcase
23f20f34 T disk_read
23f20f98 T fat_register_device
23f210a4 t dirdelim
23f210dc t compare_sign
23f21110 t get_name
23f211d8 t get_fatent
23f21350 t get_cluster
23f213f8 t slot2str
23f214c4 t get_vfatname
23f2165c t mkcksum
23f21690 t read_bootsectandvi
23f21780 T do_fat_read
23f220d8 T file_fat_detectfs
23f2221c T file_fat_ls
23f2222c T file_fat_read
23f22264 t get_fl_mem_nand
23f22424 t get_node_mem_nand
23f224a0 t put_fl_mem_nand
23f224a4 t free_nodes
23f224d4 t insert_node
23f225ac T jffs2_free_cache
23f225d8 t jffs2_1pass_read_inode
23f22904 t jffs2_1pass_find_inode
23f22b08 T mkmodestr
23f22c28 t jffs2_1pass_search_inode
23f22d70 T jffs2_1pass_rescan_needed
23f22e4c t jffs2_get_list
23f233a0 T jffs2_1pass_ls
23f23c50 T jffs2_1pass_load
23f24048 T jffs2_1pass_info
23f241f4 T rtime_decompress
23f242c4 T rubin_do_decompress
23f243a4 T dynrubin_decompress
23f243ec T zlib_decompress
23f24404 T cramfs_memset
23f24418 T pull_bits
23f24480 T pull_bit
23f244c4 t read_symbol
23f24598 t decompress_huffman
23f24778 t fill_code_tables
23f24868 t init_code_tables
23f248e4 T decompress_block
23f251d4 T dev_print
23f25374 T init_part
23f25390 T get_partition_info
23f253b4 T print_part
23f25478 T test_part_dos
23f254cc t print_partition_extended
23f25714 t get_partition_info_extended
23f259a4 T print_part_dos
23f259d0 T get_partition_info_dos
23f259f8 t nand_block_bad_scrub
23f25a00 T nand_erase_opts
23f25da0 T nand_write_opts
23f262a0 T nand_read_opts
23f26620 T nand_lock
23f26694 T nand_get_lock_status
23f26720 T nand_unlock
23f26850 T __udivdi3
23f26e14 R version_string
23f26e44 r ds_table
23f26f44 r default_nand_name
23f26f4c r __FUNCTION__.0
23f26f60 r nand_ecc_precalc_table
23f27060 r baudrate_table
23f27074 r crc16_tab
23f27274 r crc_table
23f27674 r mon_lengths.2
23f276d4 r year_lengths.3
23f276dc r day_name.0
23f276f1 r mon_name.1
23f27718 r __clz_tab
23f2fdac D ch7025_map
23f2fe04 D init_sequence
23f2fe34 D NetOurNativeVLAN
23f2fe36 D NetOurVLAN
23f2fe38 D NetBcastAddr
23f2fe40 d nfs_offset
23f2fe44 D area_list
23f2fe50 D cs
23f2fe60 d media_mode
23f2fe64 D nand_curr_device
23f2fe68 d base_address
23f2fe6c d nand_oob_64
23f2ff34 d nand_oob_16
23f2fffc d nand_oob_8
23f300c4 d ffchars
23f30104 D nand_manuf_ids
23f30144 D nand_flash_ids
23f30654 d smallpage_memorybased
23f30678 d scan_ff_pattern
23f3067c d largepage_memorybased
23f306a0 d smallpage_flashbased
23f306c4 d largepage_flashbased
23f306e8 d agand_flashbased
23f3070c d scan_agand_pattern
23f30714 d bbt_mirror_descr
23f30738 d mirror_pattern
23f3073c d bbt_main_descr
23f30760 d bbt_pattern
23f30764 d tab_seq
23f30770 d erase_seq
23f30774 D load_addr
23f30778 D op_table
23f307e0 D dp_last_length
23f307e4 d usb_stor_curr_dev
23f307e8 D stdio_names
23f307f4 d mmap_threshold
23f307f8 d trim_threshold
23f307fc d sbrk_base
23f30800 d av_
23f30c08 D default_environment
23f30f68 D env_get_char
23f30f6c D env_ptr
23f30f70 D env_name_spec
23f30f74 d flash_addr
23f30f78 D us_direction
23f30f98 D _ctype
23f31098 D z_errmsg
23f310b8 D zlib_version
23f310bc d inflate_mask
23f31100 d border
23f3114c d cpdext
23f311c4 d cpdist
23f3123c d cplext
23f312b8 d cplens
23f31334 d fixed_left
23f31338 D us
23f3133c d root_hub_str_index1
23f31358 d root_hub_str_index0
23f3135c d root_hub_config_des
23f31375 d root_hub_dev_des
23f31388 d cc_to_error
23f313c8 d cur_part
23f313cc d compr_names
23f313e8 d spinner
23f313ec d nand_cache_off
23f313f0 d l.4
23f313f4 d huffman_order
23f31408 d yaffs_oobinfo
23f314d0 d jffs2_oobinfo
23f31598 d autoplace_oobinfo
23f31660 D _GLOBAL_OFFSET_TABLE_
23f31670 A __u_boot_cmd_start
23f31670 D __u_boot_cmd_autoscr
23f31688 D __u_boot_cmd_reset
23f316a0 D __u_boot_cmd_go
23f316b8 D __u_boot_cmd_imls
23f316d0 D __u_boot_cmd_iminfo
23f316e8 D __u_boot_cmd_bootd
23f31700 D __u_boot_cmd_boot
23f31718 D __u_boot_cmd_bootm
23f31730 D __u_boot_cmd_coninfo
23f31748 D __u_boot_cmd_bootvx
23f31760 D __u_boot_cmd_bootelf
23f31778 D __u_boot_cmd_fatinfo
23f31790 D __u_boot_cmd_fatls
23f317a8 D __u_boot_cmd_fatload
23f317c0 D __u_boot_cmd_protect
23f317d8 D __u_boot_cmd_erase
23f317f0 D __u_boot_cmd_flinfo
23f31808 D __u_boot_cmd_itest
23f31820 D __u_boot_cmd_mtdparts
23f31838 D __u_boot_cmd_chpart
23f31850 D __u_boot_cmd_fsinfo
23f31868 D __u_boot_cmd_ls
23f31880 D __u_boot_cmd_fsload
23f31898 D __u_boot_cmd_loady
23f318b0 D __u_boot_cmd_loadb
23f318c8 D __u_boot_cmd_mtest
23f318e0 D __u_boot_cmd_loop
23f318f8 D __u_boot_cmd_base
23f31910 D __u_boot_cmd_crc32
23f31928 D __u_boot_cmd_cmp
23f31940 D __u_boot_cmd_cp
23f31958 D __u_boot_cmd_mw
23f31970 D __u_boot_cmd_nm
23f31988 D __u_boot_cmd_mm
23f319a0 D __u_boot_cmd_md
23f319b8 D __u_boot_cmd_nboot
23f319d0 D __u_boot_cmd_nand
23f319e8 D __u_boot_cmd_ping
23f31a00 D __u_boot_cmd_nfs
23f31a18 D __u_boot_cmd_dhcp
23f31a30 D __u_boot_cmd_rarpboot
23f31a48 D __u_boot_cmd_tftpboot
23f31a60 D __u_boot_cmd_bootp
23f31a78 D __u_boot_cmd_run
23f31a90 D __u_boot_cmd_saveenv
23f31aa8 D __u_boot_cmd_setenv
23f31ac0 D __u_boot_cmd_printenv
23f31ad8 D __u_boot_cmd_usbboot
23f31af0 D __u_boot_cmd_usb
23f31b08 D __u_boot_cmd_question_mark
23f31b20 D __u_boot_cmd_help
23f31b38 D __u_boot_cmd_echo
23f31b50 D __u_boot_cmd_version
23f31b68 A __bss_start
23f31b68 A __u_boot_cmd_end
23f31c00 B p_pitc
23f31c04 b timestamp
23f31c0c b lastinc
23f31c10 B monitor_flash_len
23f31c14 b mem_malloc_brk
23f31c18 b mem_malloc_end
23f31c1c b mem_malloc_start
23f31c20 B NetTxPacket
23f31c24 B NetEtherNullAddr
23f31c2a B NetServerEther
23f31c30 B NetBootFileSize
23f31c32 B NetOurRootPath
23f31c72 B NetOurHostName
23f31c92 B NetOurNISDomain
23f31cb4 B NetOurDNSIP
23f31cb8 B NetOurGatewayIP
23f31cbc B NetOurSubnetMask
23f31cc0 B NetBootFileXferSize
23f31cc4 B NetOurEther
23f31ccc B NetOurIP
23f31cd0 B NetServerIP
23f31cd4 B NetRxPackets
23f31ce4 B NetRxPkt
23f31ce8 B NetRxPktLen
23f31cec B NetIPID
23f31cf0 B NetState
23f31cf4 B BootFile
23f31d74 B NetPingIP
23f31d78 B PktBuf
23f33b98 B NetArpWaitPacketIP
23f33b9c B NetArpWaitReplyIP
23f33ba0 B NetArpWaitPacketMAC
23f33ba4 B NetArpWaitTxPacket
23f33ba8 B NetArpWaitTxPacketSize
23f33bac B NetArpWaitPacketBuf
23f341cc B NetArpWaitTimerStart
23f341d0 B NetArpWaitTry
23f341d4 b mac.0
23f341dc b packetHandler
23f341e0 b timeHandler
23f341e4 b timeStart
23f341e8 b timeDelta
23f341ec b PingSeqNo
23f341f0 b TftpServerPort
23f341f4 b TftpOurPort
23f341f8 b TftpTimeoutCount
23f341fc b TftpBlock
23f34200 b TftpLastBlock
23f34204 b TftpBlockWrap
23f34208 b TftpBlockWrapOffset
23f3420c b TftpState
23f34210 b default_filename
23f34220 b tftp_filename
23f34224 B NetDHCPServerIP
23f34228 B dhcp_leasetime
23f3422c B dhcp_state
23f34230 B BootpID
23f34234 B BootpTry
23f34238 B RarpTry
23f3423c b rpc_id
23f34240 b fs_mounted
23f34244 b nfs_len
23f34248 b dirfh
23f34268 b filefh
23f34288 b NfsDownloadState
23f3428c b NfsServerIP
23f34290 b NfsSrvMountPort
23f34294 b NfsSrvNfsPort
23f34298 b NfsOurPort
23f3429c b NfsTimeoutCount
23f342a0 b NfsState
23f342a4 b default_filename
23f342e4 b nfs_filename
23f342e8 b nfs_path
23f342ec b nfs_path_buff
23f34aec B dataflash_info
23f34b94 b DataFlashInst
23f34b9c B dmfe_info
23f34c3c b nfloor
23f34c40 B nand_info
23f34d88 b nand_chip
23f34e44 B console_buffer
23f34f44 b lastcommand.0
23f35044 B header
23f35084 B mtdids
23f3508c B devices
23f35094 b current_dev
23f35098 b current_partnum
23f3509c b initialized.0
23f350a0 b last_ids
23f35120 b last_parts
23f35320 b last_partition
23f35330 B os_data_count
23f35334 B os_data_header
23f35354 B his_eol
23f35358 B his_pad_count
23f3535c B his_pad_char
23f3535d B his_quote
23f35360 B os_data_init
23f35364 B os_data_char
23f35368 B send_parms
23f3537c B send_ptr
23f35380 b a_b
23f35398 b os_data_state
23f3539c b os_data_state_saved
23f353a0 b os_data_count_saved
23f353a4 b os_data_addr
23f353a8 b os_data_addr_saved
23f353ac b bin_start_address
23f353b0 b k_data_escape
23f353b4 b k_data_escape_saved
23f353b8 B dp_last_addr
23f353bc B dp_last_size
23f353c0 B mm_last_addr
23f353c4 B mm_last_size
23f353c8 b base_address
23f353cc b ctrlc_was_pressed
23f353d0 b ctrlc_disabled
23f353d4 B stdio_devices
23f353e0 B devlist
23f353e4 b n_mmaps_max
23f353e8 b top_pad
23f353ec b current_mallinfo
23f35414 b max_total_mem
23f35418 b mmapped_mem
23f3541c b max_sbrked_mem
23f35420 B usb_started
23f35424 b usb_dev
23f41ca4 b dev_index
23f41ca8 b running
23f41cac b asynch_allowed
23f41cb0 b setup_packet
23f41cb8 b hub_dev
23f41db8 b usb_hub_index
23f41dbc b CBWTag
23f41dc0 b usb_max_devs
23f41dc4 b usb_stor_buf
23f41fc4 b usb_ccb
23f42054 b usb_dev_desc
23f42248 b usb_stor
23f4234c b xyz
23f42788 B ___strtok
23f4278c b fixed_built
23f42790 b fixed_lock
23f42794 b fixed_mem
23f43824 b fixed_bl
23f43828 b fixed_bd
23f4382c b fixed_tl
23f43830 b fixed_td
23f43834 B flash_info
23f43e00 B gtd
23f44e40 B ptd
23f44f00 B ghcca
23f45000 B phcca
23f45010 B ohci_dev
23f451a0 B urb_priv
23f45274 B got_rhsc
23f45278 B devgone
23f4527c b ohci_inited
23f45280 b gohci
23f45400 b params
23f45404 B super
23f45450 b stream
23f45484 B get_vfatname_block
23f55484 B get_dentfromdir_block
23f65484 B do_fat_read_block
23f75484 b cur_dev
23f75488 b part_offset
23f7548c b nand_cache
23f75490 b current_part
23f75494 b none_oobinfo
23f7555c b data_buf
23f75d5c b oob_buf
23f75d9c A _end
